// Jest Snapshot v1, https://goo.gl/fbAQLP

exports[`SearchPageComponent matches snapshot 1`] = `
<Page
  description="SearchPage.schemaDescription"
  schema={
    Object {
      "@context": "http://schema.org",
      "@type": "SearchResultsPage",
      "description": "SearchPage.schemaDescription",
      "mainEntity": Array [
        "{\\"@type\\":\\"ItemList\\",\\"name\\":\\"SearchPage.schemaMapSearch\\",\\"itemListOrder\\":\\"http://schema.org/ItemListOrderAscending\\",\\"itemListElement\\":[]}",
      ],
      "name": "SearchPage.schemaTitle",
    }
  }
  scrollingDisabled={false}
  title="SearchPage.schemaTitle"
>
  <withRouter(Connect(TopbarContainerComponent))
    className="topbar"
    currentPage="SearchPage"
    currentSearchParams={Object {}}
  />
  <div
    className="container"
  >
    <div
      className="notReadyYet"
    >
      <p>
        <h2>
          Our comminity first.
        </h2>
        LocalFishingGuide's top priority is to offer a high quality user experience for our guides and customers interested in booking fishing trips. In order to provide such an experience, it’s crucial we have a healthy level of supply and demand. To achieve this, we need a specific number of guides to join our platform before we can open online booking to the public.
      </p>
      <p>
        Help us get started by listing your guiding business 100% FREE of charge.
        <br />
        <NamedLink
          name="SignupPage"
        >
          <button
            className="button"
          >
            Sign Up
          </button>
        </NamedLink>
        <br />
        <em
          className="small"
        >
          We’ll notify you when online booking becomes available in your region.
        </em>
      </p>
      <p>
        <h2>
          Looking to book a fishing trip?
        </h2>
        <NamedLink
          name="SignupPage"
        >
          Sign up
        </NamedLink>
         now and receive 25$ off your first trip.
      </p>
    </div>
    <withViewport(ModalInMobileComponent)
      className="mapPanel"
      id="SearchPage.map"
      isModalOpenOnMobile={false}
      onClose={[Function]}
      onManageDisableScrolling={[Function]}
      showAsModalMaxWidth={768}
    >
      <div
        className="mapWrapper"
      >
        <withRouter(SearchMapComponent)
          activeListingId={null}
          isSearchMapOpenOnMobile={false}
          listings={Array []}
          location={
            Object {
              "search": "",
            }
          }
          onCloseAsModal={[Function]}
          onMapMoveEnd={[Function]}
          reusableContainerClassName="map"
        />
      </div>
    </withViewport(ModalInMobileComponent)>
  </div>
</Page>
`;
